// Jest Snapshot v1, https://goo.gl/fbAQLP

exports[`Forger Info Sync should sync information from scratch on startup 1`] = `
Object {
  "totalProducedBlocks": 1,
  "totalReceivedFees": 29858000n,
  "totalReceivedRewards": 0n,
  "stakeReceived": Array [],
}
`;
