// Jest Snapshot v1, https://goo.gl/fbAQLP

exports[`Application #constructor should set internal variables 1`] = `
{
  "generator": {
    "keys": {},
  },
  "genesis": {
    "bftBatchSize": 103,
    "block": {
      "fromFile": "./config/genesis_block.blob",
    },
    "blockTime": 10,
    "chainID": "10000000",
    "maxTransactionsSize": 15360,
  },
  "legacy": {
    "brackets": [],
    "sync": false,
  },
  "modules": {},
  "network": {
    "port": 5000,
    "seedPeers": [
      {
        "ip": "127.0.0.1",
        "port": 5000,
      },
    ],
    "version": "1.0",
  },
  "plugins": {
    "reportMisbehavior": {
      "encryptedPassphrase": "iterations=10&cipherText=5dea8b928a3ea2481ebc02499ae77679b7552189181ff189d4aa1f8d89e8d07bf31f7ebd1c66b620769f878629e1b90499506a6f752bf3323799e3a54600f8db02f504c44d&iv=37e0b1753b76a90ed0b8c319&salt=963c5b91d3f7ba02a9d001eed49b5836&tag=c3e30e8f3440ba3f5b6d9fbaccc8918d&version=1",
    },
  },
  "rpc": {
    "host": "127.0.0.1",
    "modes": [
      "ipc",
    ],
    "port": 7887,
  },
  "system": {
    "dataPath": "~/.lisk/beta-sdk-app",
    "enableMetrics": false,
    "keepEventsForHeights": 300,
    "logLevel": "info",
    "version": "0.1.0",
  },
  "transactionPool": {
    "maxTransactions": 4096,
    "maxTransactionsPerAccount": 64,
    "minEntranceFeePriority": "0",
    "minReplacementFeeDifference": "10",
    "transactionExpiryTime": 10800000,
  },
}
`;
