// Jest Snapshot v1, https://goo.gl/fbAQLP

exports[`StakeCommand constructor should have valid schema 1`] = `
Object {
  "$id": "/pos/command/stakeValidatorParams",
  "properties": Object {
    "stakes": Object {
      "fieldNumber": 1,
      "items": Object {
        "properties": Object {
          "amount": Object {
            "dataType": "sint64",
            "fieldNumber": 2,
          },
          "validatorAddress": Object {
            "dataType": "bytes",
            "fieldNumber": 1,
            "format": "lisk32",
          },
        },
        "required": Array [
          "validatorAddress",
          "amount",
        ],
        "type": "object",
      },
      "maxItems": 20,
      "minItems": 1,
      "type": "array",
    },
  },
  "required": Array [
    "stakes",
  ],
  "type": "object",
}
`;
