// Jest Snapshot v1, https://goo.gl/fbAQLP

exports[`lisk-client should not export unexpected libraries 1`] = `
[
  "apiClient",
  "cryptography",
  "passphrase",
  "transactions",
  "utils",
  "tree",
  "validator",
  "codec",
]
`;
