// Jest Snapshot v1, https://goo.gl/fbAQLP

exports[`Send PoM transaction should create pom transaction for given block headers 1`] = `"080d100318002080c2d72f2a200fe9a3f1a21b5530f27f87a414b549e79a940bf24fdf2b2f05e7f22aeeecc86a32b2040a960208021064186422203d1b5dd1ef4ff7b22359598ebdf58966a51adcc03e02ad356632743e658989902a1440ff452fae2affe6eeef3c30e53e9eac35a1bc4332203d1b5dd1ef4ff7b22359598ebdf58966a51adcc03e02ad356632743e658989903a203d1b5dd1ef4ff7b22359598ebdf58966a51adcc03e02ad356632743e6589899042203d1b5dd1ef4ff7b22359598ebdf58966a51adcc03e02ad356632743e658989904a203d1b5dd1ef4ff7b22359598ebdf58966a51adcc03e02ad356632743e658989905020580062203d1b5dd1ef4ff7b22359598ebdf58966a51adcc03e02ad356632743e658989906a06080012001a0072203d1b5dd1ef4ff7b22359598ebdf58966a51adcc03e02ad356632743e6589899012960208021064186422203d1b5dd1ef4ff7b22359598ebdf58966a51adcc03e02ad356632743e658989902a1440ff452fae2affe6eeef3c30e53e9eac35a1bc4332203d1b5dd1ef4ff7b22359598ebdf58966a51adcc03e02ad356632743e658989903a203d1b5dd1ef4ff7b22359598ebdf58966a51adcc03e02ad356632743e6589899042203d1b5dd1ef4ff7b22359598ebdf58966a51adcc03e02ad356632743e658989904a203d1b5dd1ef4ff7b22359598ebdf58966a51adcc03e02ad356632743e658989905032580062203d1b5dd1ef4ff7b22359598ebdf58966a51adcc03e02ad356632743e658989906a06080012001a0072203d1b5dd1ef4ff7b22359598ebdf58966a51adcc03e02ad356632743e658989903a405c62a402ef7cf82d0c67a0d9fd4ecb31334ddb37509c6aed8e7e7bbe4918e52c387f1f9ae6e66bbdb53f41e785a7c0034aee74578403a1d580828855b6be970e"`;
