// Jest Snapshot v1, https://goo.gl/fbAQLP

exports[`addSchema should add schema and keep it in cache 1`] = `undefined`;
