// Jest Snapshot v1, https://goo.gl/fbAQLP

exports[`sign and verify data #signDataWithPrivateKey should sign a transaction 1`] = `
{
  "data": [
    44,
    123,
    78,
    103,
    191,
    106,
    112,
    48,
    222,
    154,
    116,
    84,
    229,
    225,
    107,
    141,
    35,
    220,
    238,
    31,
    94,
    164,
    184,
    184,
    129,
    200,
    158,
    197,
    131,
    77,
    83,
    74,
    254,
    61,
    121,
    26,
    178,
    228,
    93,
    243,
    49,
    214,
    68,
    147,
    83,
    124,
    229,
    116,
    72,
    2,
    93,
    9,
    207,
    219,
    163,
    155,
    167,
    237,
    238,
    213,
    5,
    239,
    182,
    2,
  ],
  "type": "Buffer",
}
`;

exports[`sign and verify message #signMessageWithPrivateKey should create a signed message using a private key 1`] = `
{
  "message": "Some default text.",
  "publicKey": {
    "data": [
      126,
      244,
      92,
      213,
      37,
      233,
      91,
      122,
      134,
      36,
      75,
      189,
      78,
      180,
      85,
      9,
      20,
      173,
      6,
      48,
      16,
      19,
      149,
      143,
      77,
      214,
      77,
      50,
      239,
      123,
      197,
      136,
    ],
    "type": "Buffer",
  },
  "signature": {
    "data": [
      216,
      59,
      84,
      93,
      38,
      134,
      126,
      198,
      234,
      63,
      68,
      165,
      12,
      18,
      97,
      95,
      129,
      57,
      231,
      69,
      112,
      60,
      207,
      130,
      153,
      74,
      208,
      30,
      37,
      130,
      116,
      119,
      208,
      64,
      81,
      129,
      54,
      18,
      212,
      230,
      116,
      75,
      145,
      156,
      163,
      189,
      218,
      124,
      21,
      106,
      33,
      184,
      240,
      156,
      154,
      151,
      83,
      3,
      75,
      88,
      126,
      163,
      43,
      7,
    ],
    "type": "Buffer",
  },
}
`;
