// Jest Snapshot v1, https://goo.gl/fbAQLP

exports[`ReportMisbehaviorCommand constructor should have valid schema 1`] = `
Object {
  "$id": "/dpos/command/reportMisbehaviorParams",
  "properties": Object {
    "header1": Object {
      "dataType": "bytes",
      "fieldNumber": 1,
    },
    "header2": Object {
      "dataType": "bytes",
      "fieldNumber": 2,
    },
  },
  "required": Array [
    "header1",
    "header2",
  ],
  "type": "object",
}
`;

exports[`ReportMisbehaviorCommand constructor should have valid schema 1`] = `
Object {
  "$id": "/dpos/command/reportMisbehaviorParams",
  "properties": Object {
    "header1": Object {
      "dataType": "bytes",
      "fieldNumber": 1,
    },
    "header2": Object {
      "dataType": "bytes",
      "fieldNumber": 2,
    },
  },
  "required": Array [
    "header1",
    "header2",
  ],
  "type": "object",
}
`;
