// Jest Snapshot v1, https://goo.gl/fbAQLP

exports[`VoteCommand constructor should have valid schema 1`] = `
Object {
  "$id": "/dpos/command/voteDelegateParams",
  "properties": Object {
    "votes": Object {
      "fieldNumber": 1,
      "items": Object {
        "properties": Object {
          "amount": Object {
            "dataType": "sint64",
            "fieldNumber": 2,
          },
          "delegateAddress": Object {
            "dataType": "bytes",
            "fieldNumber": 1,
            "format": "lisk32",
          },
        },
        "required": Array [
          "delegateAddress",
          "amount",
        ],
        "type": "object",
      },
      "maxItems": 20,
      "minItems": 1,
      "type": "array",
    },
  },
  "required": Array [
    "votes",
  ],
  "type": "object",
}
`;
