// Jest Snapshot v1, https://goo.gl/fbAQLP

exports[`config/unit/jest.config.js unit test config must match to the snapshot. 1`] = `
Object {
  "clearMocks": true,
  "collectCoverage": true,
  "collectCoverageFrom": Array [
    "src/controller/**",
    "src/application/**",
  ],
  "coverageDirectory": ".coverage/unit",
  "coverageReporters": Array [
    "json",
    "lcov",
    "cobertura",
  ],
  "resetModules": true,
  "restoreMocks": true,
  "rootDir": "../../../",
  "setupFilesAfterEnv": Array [
    "<rootDir>/test/jest/config/setup.js",
  ],
  "testMatch": Array [
    "<rootDir>/test/jest/unit/specs/**/*.(spec|test).js",
  ],
  "verbose": true,
}
`;
