// Jest Snapshot v1, https://goo.gl/fbAQLP

exports[`create should create genesis block 1`] = `
Object {
  "header": Object {
    "asset": Object {
      "accounts": Array [
        Object {
          "address": Object {
            "data": Array [
              35,
              112,
              186,
              152,
              69,
              30,
              31,
              240,
              7,
              2,
              159,
              30,
              96,
              46,
              20,
              187,
              9,
              123,
              81,
              111,
            ],
            "type": "Buffer",
          },
          "dpos": Object {
            "delegate": Object {
              "consecutiveMissedBlocks": 0,
              "isBanned": false,
              "lastForgedHeight": 0,
              "pomHeights": Array [],
              "totalVotesReceived": 0n,
              "username": "",
            },
            "sentVotes": Array [],
            "unlocking": Array [],
          },
          "token": Object {
            "balance": 2620126571n,
          },
        },
        Object {
          "address": Object {
            "data": Array [
              37,
              212,
              193,
              237,
              45,
              162,
              75,
              168,
              86,
              184,
              148,
              194,
              9,
              24,
              143,
              112,
              224,
              202,
              171,
              110,
            ],
            "type": "Buffer",
          },
          "dpos": Object {
            "delegate": Object {
              "consecutiveMissedBlocks": 0,
              "isBanned": false,
              "lastForgedHeight": 0,
              "pomHeights": Array [],
              "totalVotesReceived": 0n,
              "username": "",
            },
            "sentVotes": Array [],
            "unlocking": Array [],
          },
          "token": Object {
            "balance": 2874239947n,
          },
        },
        Object {
          "address": Object {
            "data": Array [
              52,
              179,
              218,
              222,
              213,
              80,
              245,
              176,
              197,
              9,
              71,
              216,
              225,
              119,
              98,
              185,
              115,
              12,
              241,
              249,
            ],
            "type": "Buffer",
          },
          "dpos": Object {
            "delegate": Object {
              "consecutiveMissedBlocks": 0,
              "isBanned": false,
              "lastForgedHeight": 0,
              "pomHeights": Array [],
              "totalVotesReceived": 0n,
              "username": "",
            },
            "sentVotes": Array [],
            "unlocking": Array [],
          },
          "token": Object {
            "balance": 2384412768n,
          },
        },
        Object {
          "address": Object {
            "data": Array [
              55,
              43,
              157,
              7,
              109,
              211,
              126,
              124,
              24,
              60,
              246,
              237,
              3,
              193,
              125,
              216,
              205,
              192,
              211,
              18,
            ],
            "type": "Buffer",
          },
          "dpos": Object {
            "delegate": Object {
              "consecutiveMissedBlocks": 0,
              "isBanned": false,
              "lastForgedHeight": 0,
              "pomHeights": Array [],
              "totalVotesReceived": 0n,
              "username": "",
            },
            "sentVotes": Array [],
            "unlocking": Array [],
          },
          "token": Object {
            "balance": 28138131n,
          },
        },
        Object {
          "address": Object {
            "data": Array [
              76,
              149,
              19,
              239,
              123,
              11,
              204,
              238,
              2,
              69,
              89,
              71,
              71,
              0,
              170,
              215,
              3,
              119,
              4,
              59,
            ],
            "type": "Buffer",
          },
          "dpos": Object {
            "delegate": Object {
              "consecutiveMissedBlocks": 0,
              "isBanned": false,
              "lastForgedHeight": 0,
              "pomHeights": Array [],
              "totalVotesReceived": 0n,
              "username": "",
            },
            "sentVotes": Array [],
            "unlocking": Array [],
          },
          "token": Object {
            "balance": 476696623n,
          },
        },
        Object {
          "address": Object {
            "data": Array [
              82,
              201,
              93,
              36,
              167,
              234,
              67,
              210,
              2,
              218,
              138,
              13,
              167,
              240,
              140,
              51,
              164,
              235,
              109,
              92,
            ],
            "type": "Buffer",
          },
          "dpos": Object {
            "delegate": Object {
              "consecutiveMissedBlocks": 0,
              "isBanned": false,
              "lastForgedHeight": 0,
              "pomHeights": Array [],
              "totalVotesReceived": 0n,
              "username": "",
            },
            "sentVotes": Array [],
            "unlocking": Array [],
          },
          "token": Object {
            "balance": 4218444994n,
          },
        },
        Object {
          "address": Object {
            "data": Array [
              98,
              21,
              12,
              207,
              145,
              204,
              22,
              52,
              249,
              48,
              238,
              208,
              183,
              118,
              15,
              66,
              23,
              82,
              166,
              152,
            ],
            "type": "Buffer",
          },
          "dpos": Object {
            "delegate": Object {
              "consecutiveMissedBlocks": 0,
              "isBanned": false,
              "lastForgedHeight": 0,
              "pomHeights": Array [],
              "totalVotesReceived": 0n,
              "username": "",
            },
            "sentVotes": Array [],
            "unlocking": Array [],
          },
          "token": Object {
            "balance": 1340967959n,
          },
        },
        Object {
          "address": Object {
            "data": Array [
              110,
              53,
              133,
              177,
              23,
              81,
              66,
              58,
              114,
              235,
              91,
              73,
              245,
              121,
              64,
              190,
              80,
              144,
              71,
              87,
            ],
            "type": "Buffer",
          },
          "dpos": Object {
            "delegate": Object {
              "consecutiveMissedBlocks": 0,
              "isBanned": false,
              "lastForgedHeight": 0,
              "pomHeights": Array [],
              "totalVotesReceived": 0n,
              "username": "",
            },
            "sentVotes": Array [],
            "unlocking": Array [],
          },
          "token": Object {
            "balance": 2165380961n,
          },
        },
        Object {
          "address": Object {
            "data": Array [
              128,
              224,
              141,
              50,
              44,
              36,
              181,
              50,
              154,
              37,
              124,
              91,
              27,
              215,
              87,
              128,
              50,
              211,
              185,
              33,
            ],
            "type": "Buffer",
          },
          "dpos": Object {
            "delegate": Object {
              "consecutiveMissedBlocks": 0,
              "isBanned": false,
              "lastForgedHeight": 0,
              "pomHeights": Array [],
              "totalVotesReceived": 0n,
              "username": "",
            },
            "sentVotes": Array [],
            "unlocking": Array [],
          },
          "token": Object {
            "balance": 3116632800n,
          },
        },
        Object {
          "address": Object {
            "data": Array [
              157,
              52,
              166,
              149,
              81,
              216,
              184,
              94,
              192,
              245,
              82,
              214,
              94,
              168,
              221,
              53,
              114,
              77,
              238,
              144,
            ],
            "type": "Buffer",
          },
          "dpos": Object {
            "delegate": Object {
              "consecutiveMissedBlocks": 0,
              "isBanned": false,
              "lastForgedHeight": 0,
              "pomHeights": Array [],
              "totalVotesReceived": 0n,
              "username": "",
            },
            "sentVotes": Array [],
            "unlocking": Array [],
          },
          "token": Object {
            "balance": 4056778033n,
          },
        },
        Object {
          "address": Object {
            "data": Array [
              192,
              24,
              181,
              221,
              125,
              164,
              182,
              183,
              191,
              78,
              108,
              104,
              142,
              141,
              126,
              152,
              65,
              212,
              170,
              143,
            ],
            "type": "Buffer",
          },
          "dpos": Object {
            "delegate": Object {
              "consecutiveMissedBlocks": 0,
              "isBanned": false,
              "lastForgedHeight": 0,
              "pomHeights": Array [],
              "totalVotesReceived": 0n,
              "username": "",
            },
            "sentVotes": Array [],
            "unlocking": Array [],
          },
          "token": Object {
            "balance": 2910960211n,
          },
        },
        Object {
          "address": Object {
            "data": Array [
              195,
              195,
              7,
              23,
              78,
              90,
              227,
              1,
              196,
              148,
              57,
              108,
              15,
              219,
              99,
              7,
              236,
              78,
              198,
              12,
            ],
            "type": "Buffer",
          },
          "dpos": Object {
            "delegate": Object {
              "consecutiveMissedBlocks": 0,
              "isBanned": false,
              "lastForgedHeight": 0,
              "pomHeights": Array [],
              "totalVotesReceived": 0n,
              "username": "",
            },
            "sentVotes": Array [],
            "unlocking": Array [],
          },
          "token": Object {
            "balance": 1966001160n,
          },
        },
        Object {
          "address": Object {
            "data": Array [
              195,
              198,
              54,
              21,
              36,
              4,
              51,
              37,
              232,
              171,
              206,
              140,
              193,
              248,
              153,
              226,
              194,
              255,
              217,
              176,
            ],
            "type": "Buffer",
          },
          "dpos": Object {
            "delegate": Object {
              "consecutiveMissedBlocks": 0,
              "isBanned": false,
              "lastForgedHeight": 0,
              "pomHeights": Array [],
              "totalVotesReceived": 0n,
              "username": "",
            },
            "sentVotes": Array [],
            "unlocking": Array [],
          },
          "token": Object {
            "balance": 3756324977n,
          },
        },
        Object {
          "address": Object {
            "data": Array [
              217,
              251,
              219,
              79,
              34,
              250,
              166,
              9,
              54,
              160,
              17,
              52,
              87,
              218,
              1,
              158,
              182,
              28,
              61,
              119,
            ],
            "type": "Buffer",
          },
          "dpos": Object {
            "delegate": Object {
              "consecutiveMissedBlocks": 0,
              "isBanned": false,
              "lastForgedHeight": 0,
              "pomHeights": Array [],
              "totalVotesReceived": 0n,
              "username": "",
            },
            "sentVotes": Array [],
            "unlocking": Array [],
          },
          "token": Object {
            "balance": 489340925n,
          },
        },
        Object {
          "address": Object {
            "data": Array [
              222,
              223,
              189,
              76,
              106,
              26,
              209,
              239,
              13,
              122,
              149,
              205,
              105,
              7,
              17,
              69,
              72,
              216,
              198,
              216,
            ],
            "type": "Buffer",
          },
          "dpos": Object {
            "delegate": Object {
              "consecutiveMissedBlocks": 0,
              "isBanned": false,
              "lastForgedHeight": 0,
              "pomHeights": Array [],
              "totalVotesReceived": 0n,
              "username": "",
            },
            "sentVotes": Array [],
            "unlocking": Array [],
          },
          "token": Object {
            "balance": 653021139n,
          },
        },
      ],
      "initDelegates": Array [
        Object {
          "data": Array [
            35,
            112,
            186,
            152,
            69,
            30,
            31,
            240,
            7,
            2,
            159,
            30,
            96,
            46,
            20,
            187,
            9,
            123,
            81,
            111,
          ],
          "type": "Buffer",
        },
        Object {
          "data": Array [
            37,
            212,
            193,
            237,
            45,
            162,
            75,
            168,
            86,
            184,
            148,
            194,
            9,
            24,
            143,
            112,
            224,
            202,
            171,
            110,
          ],
          "type": "Buffer",
        },
        Object {
          "data": Array [
            52,
            179,
            218,
            222,
            213,
            80,
            245,
            176,
            197,
            9,
            71,
            216,
            225,
            119,
            98,
            185,
            115,
            12,
            241,
            249,
          ],
          "type": "Buffer",
        },
        Object {
          "data": Array [
            55,
            43,
            157,
            7,
            109,
            211,
            126,
            124,
            24,
            60,
            246,
            237,
            3,
            193,
            125,
            216,
            205,
            192,
            211,
            18,
          ],
          "type": "Buffer",
        },
        Object {
          "data": Array [
            110,
            53,
            133,
            177,
            23,
            81,
            66,
            58,
            114,
            235,
            91,
            73,
            245,
            121,
            64,
            190,
            80,
            144,
            71,
            87,
          ],
          "type": "Buffer",
        },
      ],
      "initRounds": 5,
    },
    "generatorPublicKey": Object {
      "data": Array [],
      "type": "Buffer",
    },
    "height": 5,
    "id": Object {
      "data": Array [
        225,
        58,
        175,
        73,
        200,
        178,
        31,
        71,
        166,
        79,
        72,
        112,
        66,
        70,
        110,
        142,
        47,
        208,
        227,
        210,
        110,
        179,
        6,
        228,
        177,
        61,
        196,
        82,
        77,
        240,
        136,
        152,
      ],
      "type": "Buffer",
    },
    "previousBlockID": Object {
      "data": Array [
        69,
        70,
        144,
        161,
        195,
        120,
        56,
        50,
        96,
        7,
        81,
        154,
        124,
        225,
        200,
        166,
        164,
        149,
        223,
        80,
        137,
        143,
        30,
        189,
        105,
        210,
        47,
        188,
        237,
        249,
        104,
        154,
      ],
      "type": "Buffer",
    },
    "reward": 0n,
    "signature": Object {
      "data": Array [],
      "type": "Buffer",
    },
    "timestamp": 1591873718,
    "transactionRoot": Object {
      "data": Array [
        227,
        176,
        196,
        66,
        152,
        252,
        28,
        20,
        154,
        251,
        244,
        200,
        153,
        111,
        185,
        36,
        39,
        174,
        65,
        228,
        100,
        155,
        147,
        76,
        164,
        149,
        153,
        27,
        120,
        82,
        184,
        85,
      ],
      "type": "Buffer",
    },
    "version": 0,
  },
  "payload": Array [],
}
`;
